---
source: tui/src/file_explorer.rs
expression: rows.join("\n")
---
Files Â· workspace
- workspace
  + src
    README.md


