---
source: tui/src/chatwidget/tests.rs
expression: terminal.backend()
---
"  Performance: 0ms | 100% cache                                                 "
"                                                                                "
"this is a test reason such as one that would be produced by the model           "
"                                                                                "
"▌Allow command?                                                                 "
"▌ Yes   Always   No, provide feedback                                           "
"▌ Approve and run the command                                                   "
"                                                                                "
