---
source: tui/src/chatwidget/tests.rs
expression: terminal.backend()
---
" Performance: 0ms | 100% cache          "
