---
source: tui/src/chatwidget/tests.rs
expression: terminal.backend()
---
" ⚡ Task active                         " Hidden by multi-width symbols: [(2, " ")]
"  Thinking (0s • Esc to interrupt)      "
"                                        "
