---
source: tui/src/chatwidget/tests.rs
expression: terminal.backend()
---
" âš¡ Task active                         " Hidden by multi-width symbols: [(2, " ")]
